../Core/Src/main.c:72:6:ADC_Select_CH	32	static
../Core/Src/main.c:334:5:main	96	static
../Core/Src/main.c:449:6:SystemClock_Config	88	static
../Core/Src/main.c:491:13:MX_ADC1_Init	24	static
../Core/Src/main.c:543:13:MX_TIM4_Init	32	static
../Core/Src/main.c:588:13:MX_TIM5_Init	64	static
../Core/Src/main.c:651:13:MX_USART2_UART_Init	8	static
../Core/Src/main.c:684:13:MX_USART6_UART_Init	8	static
../Core/Src/main.c:717:13:MX_GPIO_Init	48	static
../Core/Src/main.c:756:6:HAL_GPIO_EXTI_Callback	16	static
../Core/Src/main.c:762:6:HAL_UART_RxCpltCallback	16	static
../Core/Src/main.c:774:6:Error_Handler	4	static,ignoring_inline_asm
