../Core/Src/main.c:95:6:ADC_Select_CH	32	static
../Core/Src/main.c:213:6:DIGIT_A_Display	24	static
../Core/Src/main.c:282:6:DIGIT_B_Display	24	static
../Core/Src/main.c:351:6:changeMotorSpeed	24	static
../Core/Src/main.c:378:6:updateADCValue	8	static
../Core/Src/main.c:387:6:updateWaterLevel	8	static
../Core/Src/main.c:400:6:updateTimerDisplay	8	static
../Core/Src/main.c:405:6:updateRPM	8	static
../Core/Src/main.c:415:6:moveServo	16	static
../Core/Src/main.c:429:6:Inlet	64	static
../Core/Src/main.c:520:6:Outlet1	64	static
../Core/Src/main.c:609:6:Outlet2	64	static
../Core/Src/main.c:697:6:Outlet3	64	static
../Core/Src/main.c:790:5:main	8	static
../Core/Src/main.c:955:6:SystemClock_Config	88	static
../Core/Src/main.c:997:13:MX_ADC1_Init	24	static
../Core/Src/main.c:1049:13:MX_TIM2_Init	64	static
../Core/Src/main.c:1108:13:MX_TIM4_Init	32	static
../Core/Src/main.c:1153:13:MX_TIM5_Init	64	static
../Core/Src/main.c:1216:13:MX_USART1_UART_Init	8	static
../Core/Src/main.c:1249:13:MX_USART2_UART_Init	8	static
../Core/Src/main.c:1282:13:MX_USART6_UART_Init	8	static
../Core/Src/main.c:1315:13:MX_GPIO_Init	48	static
../Core/Src/main.c:1370:6:HAL_GPIO_EXTI_Callback	16	static
../Core/Src/main.c:1376:6:HAL_UART_RxCpltCallback	16	static
../Core/Src/main.c:1391:6:Error_Handler	4	static,ignoring_inline_asm
